device mps
pool 2414953 vdis 124644 structures pool=
pool_structures 263674
subfrag library loaded: 28939
train 150000 q_pooled 800 q_dis 800
featurizing train...
featurizing queries...
warm start from v-fpnet/fpnet_best.pt
carry best pooled@5=0.559 ep14
  decoy 0/150000
  decoy 50000/150000
  decoy 100000/150000
/Users/martin/Desktop/enveda-casmi26-molecule-id/v-fpnet/train_fpnet.py:450: UserWarning: Converting a tensor with requires_grad=True to a scalar may lead to unexpected behavior.
Consider using tensor.detach() first. (Triggered internally at /Users/runner/work/pytorch/pytorch/torch/csrc/autograd/generated/python_variable_methods.cpp:821.)
  tot += float(loss)
ep1 loss=2.0549 pooled@1/5/10=0.301/0.550/0.666 disjoint@1/5/10=0.266/0.541/0.656
  decoy 0/150000
  decoy 50000/150000
  decoy 100000/150000
ep2 loss=1.9643 pooled@1/5/10=0.296/0.562/0.667 disjoint@1/5/10=0.251/0.544/0.656
  decoy 0/150000
  decoy 50000/150000
  decoy 100000/150000
ep3 loss=1.8675 pooled@1/5/10=0.304/0.564/0.664 disjoint@1/5/10=0.247/0.539/0.661
  decoy 0/150000
  decoy 50000/150000
  decoy 100000/150000
ep4 loss=1.7648 pooled@1/5/10=0.290/0.554/0.671 disjoint@1/5/10=0.245/0.551/0.660
  decoy 0/150000
  decoy 50000/150000
  decoy 100000/150000
ep5 loss=1.6647 pooled@1/5/10=0.301/0.564/0.674 disjoint@1/5/10=0.264/0.557/0.667
  decoy 0/150000
  decoy 50000/150000
  decoy 100000/150000
ep6 loss=1.5647 pooled@1/5/10=0.297/0.569/0.676 disjoint@1/5/10=0.259/0.536/0.659
  decoy 0/150000
  decoy 50000/150000
  decoy 100000/150000
ep7 loss=1.4637 pooled@1/5/10=0.309/0.571/0.682 disjoint@1/5/10=0.259/0.552/0.667
  decoy 0/150000
  decoy 50000/150000
  decoy 100000/150000
ep8 loss=1.3687 pooled@1/5/10=0.302/0.576/0.688 disjoint@1/5/10=0.253/0.556/0.665
  decoy 0/150000
  decoy 50000/150000
  decoy 100000/150000
ep9 loss=1.2833 pooled@1/5/10=0.300/0.566/0.676 disjoint@1/5/10=0.261/0.551/0.667
  decoy 0/150000
  decoy 50000/150000
  decoy 100000/150000
ep10 loss=1.1991 pooled@1/5/10=0.302/0.599/0.682 disjoint@1/5/10=0.254/0.547/0.659
  decoy 0/150000
  decoy 50000/150000
  decoy 100000/150000
ep11 loss=1.1307 pooled@1/5/10=0.302/0.588/0.691 disjoint@1/5/10=0.245/0.541/0.672
  decoy 0/150000
  decoy 50000/150000
  decoy 100000/150000
ep12 loss=1.0601 pooled@1/5/10=0.309/0.576/0.679 disjoint@1/5/10=0.247/0.559/0.666
  decoy 0/150000
  decoy 50000/150000
  decoy 100000/150000
ep13 loss=1.0051 pooled@1/5/10=0.304/0.581/0.680 disjoint@1/5/10=0.239/0.551/0.662
  decoy 0/150000
  decoy 50000/150000
  decoy 100000/150000
ep14 loss=0.9546 pooled@1/5/10=0.319/0.581/0.681 disjoint@1/5/10=0.255/0.556/0.661
  decoy 0/150000
  decoy 50000/150000
  decoy 100000/150000
ep15 loss=0.9186 pooled@1/5/10=0.300/0.585/0.689 disjoint@1/5/10=0.242/0.552/0.656
  decoy 0/150000
  decoy 50000/150000
  decoy 100000/150000
ep16 loss=0.8898 pooled@1/5/10=0.310/0.586/0.680 disjoint@1/5/10=0.245/0.554/0.664
  decoy 0/150000
  decoy 50000/150000
  decoy 100000/150000
ep17 loss=0.8729 pooled@1/5/10=0.316/0.591/0.684 disjoint@1/5/10=0.240/0.559/0.661
  decoy 0/150000
  decoy 50000/150000
  decoy 100000/150000
ep18 loss=0.8603 pooled@1/5/10=0.316/0.591/0.684 disjoint@1/5/10=0.241/0.556/0.660
BEST pooled@5=0.599 ep10 disjoint@1/5/10=0.254/0.547/0.659
EXIT:0
